// Jest Snapshot v1, https://goo.gl/fbAQLP

exports[`it should render properly 1`] = `
<div
  className="chat"
>
  <PartnerInfo />
  <Messages
    messages={Array []}
  />
  <Input
    onSend={[Function]}
    onType={[Function]}
  />
</div>
`;
