// Jest Snapshot v1, https://goo.gl/fbAQLP

exports[`it should render properly 1`] = `
<div
  className="input"
>
  <input
    data-test="input"
    onChange={[Function]}
    onKeyUp={[Function]}
    type="text"
    value=""
  />
  <button
    data-test="button"
    onClick={[Function]}
  >
    Send
  </button>
</div>
`;
