// Jest Snapshot v1, https://goo.gl/fbAQLP

exports[`it should render properly 1`] = `
<div
  className="message message--user"
  data-id={1}
>
  hello world!
</div>
`;
